<movielist>
  <movie name="Star Wars" category="Science Fiction">
    <ratings>
      <rating value="4" source="New York Times" />
      <rating value="3" source="Washington Post" />
      <rating value="3" source="The Independent" />
    </ratings>
  </movie>
  <movie name="Finding Nemo" category="Kids">
    <ratings>
      <rating value="5" source="Lars" />
      <rating value="5" source="Oskar" />
      <rating value="5" source="Birgit" />
    </ratings>
  </movie>
</movielist>
